<?xml version="1.0" encoding="UTF-8"?>
<testsuites name="jest tests" tests="1" failures="0" time="1.973">
  <testsuite name="src/App.test.js" errors="0" failures="0" skipped="0" timestamp="2020-01-15T00:32:53" time="1.135" tests="1">
    <testcase classname="-renders without crashing" name="-renders without crashing" time="0.017">
    </testcase>
  </testsuite>
</testsuites>